// Jest Snapshot v1, https://goo.gl/fbAQLP

exports[`Companies matches snapshot 1`] = `
<DocumentFragment>
   
  <div>
    <h2
      class="Companies-heading"
    >
      COMPANIES
    </h2>
    <div
      class="SearchForm"
    >
      <form>
        <input
          class="SearchForm-input"
          id="search"
          name="search"
          placeholder="Enter search term."
          type="text"
          value=""
        />
        <button
          class="SearchForm-btn"
        >
          Search
        </button>
      </form>
    </div>
    <p
      class="Companies-error"
    >
      Sorry, no results found.
    </p>
  </div>
</DocumentFragment>
`;
